
===== 1. Ablation z-검정 (그룹 제거 시 손해, pitcher-cluster bootstrap z) =====
  전체 44피처: 734.49
  -투수 통산 성공/반대/가운데 (career core): score=597.06 (손해 +137.43, z=5.45)
  -투수 볼/스트라이크 비율: score=693.52 (손해 +40.97, z=2.74)
  -투수 최근 폼(1/3/5경기): score=658.67 (손해 +75.82, z=5.31)
  -투수 구종 성향(fastball/breaking/offspeed): score=681.13 (손해 +53.37, z=6.82)
  -타자 이력: score=713.16 (손해 +21.34, z=2.13)
  -표본수(asof_pitcher_n): score=696.81 (손해 +37.68, z=4.81)
  -카운트/아웃/주자(순간 상황): score=685.12 (손해 +49.37, z=5.19)
  -점수/승부 중요도(score+leverage): score=722.65 (손해 +11.85, z=1.81)
  -투수/타자 손, 팀 ID: score=571.11 (손해 +163.39, z=9.10)
  -시간(season/month/dayofweek/inning/top_bottom): score=208.39 (손해 +526.11, z=9.51)
  -game_type: score=634.03 (손해 +100.46, z=6.11)

===== 2. 분산 상한 분해 (완벽한 모델의 brier 이론적 하한) =====
  1군(R) 행 1,314,088개, base rate 0.51402, 전체 분산 r(1-r)=0.249803
  완벽한 모델의 brier = r(1-r) - Var(그룹별 진짜 성공률). 그룹을 세밀하게 쪼갤수록 상한(=낮출 수 있는 brier)이 커진다.
  투수(통산) (그룹 612개): 진짜분산=0.001998  상한 brier=0.247805  상한 score=799.98
  투수 x 손 매치업 (그룹 1216개): 진짜분산=0.002346  상한 brier=0.247458  상한 score=939.05
  투수 x 타자 (그룹 78043개): 진짜분산=0.004778  상한 brier=0.245025  상한 score=1912.64

===== 3. Permutation 기반 교호작용 유의성 검정 =====
  투수손 x 타자손: 관측=0.000124  null평균=0.000000±0.000000  p=0.0000
  season x 투수 통산성공률(5분위): 관측=0.000122  null평균=0.000004±0.000001  p=0.0000
  game_type x season: 관측=0.000000  null평균=0.000000±0.000000  p=0.3550
