/opt/anaconda3/lib/python3.13/site-packages/sklearn/preprocessing/_encoders.py:246: UserWarning: Found unknown categories in columns [7, 8] during transform. These unknown categories will be encoded as all zeros
  warnings.warn(
/opt/anaconda3/lib/python3.13/site-packages/sklearn/preprocessing/_encoders.py:246: UserWarning: Found unknown categories in columns [7, 8] during transform. These unknown categories will be encoded as all zeros
  warnings.warn(
/opt/anaconda3/lib/python3.13/site-packages/sklearn/preprocessing/_encoders.py:246: UserWarning: Found unknown categories in columns [7, 8] during transform. These unknown categories will be encoded as all zeros
  warnings.warn(
/opt/anaconda3/lib/python3.13/site-packages/sklearn/preprocessing/_encoders.py:246: UserWarning: Found unknown categories in columns [7, 8] during transform. These unknown categories will be encoded as all zeros
  warnings.warn(
/opt/anaconda3/lib/python3.13/site-packages/sklearn/preprocessing/_encoders.py:246: UserWarning: Found unknown categories in columns [7, 8] during transform. These unknown categories will be encoded as all zeros
  warnings.warn(
/opt/anaconda3/lib/python3.13/site-packages/sklearn/preprocessing/_encoders.py:246: UserWarning: Found unknown categories in columns [7, 8] during transform. These unknown categories will be encoded as all zeros
  warnings.warn(
/opt/anaconda3/lib/python3.13/site-packages/sklearn/preprocessing/_encoders.py:246: UserWarning: Found unknown categories in columns [11] during transform. These unknown categories will be encoded as all zeros
  warnings.warn(
/opt/anaconda3/lib/python3.13/site-packages/sklearn/preprocessing/_encoders.py:246: UserWarning: Found unknown categories in columns [11] during transform. These unknown categories will be encoded as all zeros
  warnings.warn(
/opt/anaconda3/lib/python3.13/site-packages/sklearn/preprocessing/_encoders.py:246: UserWarning: Found unknown categories in columns [11] during transform. These unknown categories will be encoded as all zeros
  warnings.warn(
/opt/anaconda3/lib/python3.13/site-packages/sklearn/preprocessing/_encoders.py:246: UserWarning: Found unknown categories in columns [11] during transform. These unknown categories will be encoded as all zeros
  warnings.warn(
/opt/anaconda3/lib/python3.13/site-packages/sklearn/preprocessing/_encoders.py:246: UserWarning: Found unknown categories in columns [11] during transform. These unknown categories will be encoded as all zeros
  warnings.warn(
/opt/anaconda3/lib/python3.13/site-packages/sklearn/preprocessing/_encoders.py:246: UserWarning: Found unknown categories in columns [11] during transform. These unknown categories will be encoded as all zeros
  warnings.warn(

===== PRIMARY: <2024 -> 2024 =====
  Ridge(l2): BSS=336.04  corr(vs CatBoost)=0.7183
  Logistic(규제없음): BSS=335.99  corr(vs CatBoost)=0.7183
  ElasticNet: BSS=336.24  corr(vs CatBoost)=0.7184

===== STRESS: <2023 -> 2023 =====
  Ridge(l2): BSS=0.00  corr(vs CatBoost)=0.1040
  Logistic(규제없음): BSS=0.00  corr(vs CatBoost)=0.1039
  ElasticNet: BSS=0.00  corr(vs CatBoost)=0.1040
