
===== PRIMARY: target=2024 =====
팀 프로필 (2023까지):
            F_n     R_n  F_ratio  F_success_rate  R_success_rate  F_minus_R_gap  F_recent_vs_longterm
team_id                                                                                              
12        20897  217717   0.0876          0.6186          0.5258         0.0929               -0.1696
13       130994  216215   0.3773          0.6363          0.4907         0.1456               -0.2032
14        22311  217266   0.0931          0.6383          0.5192         0.1190               -0.2254
15         7389  218126   0.0328          0.6443          0.5218         0.1226               -0.2270
16         6690  218437   0.0297          0.6360          0.5246         0.1114               -0.1972
17        21408  221451   0.0881          0.6338          0.5211         0.1127               -0.2117
18         7437  218727   0.0329          0.6205          0.5353         0.0852               -0.1803
19         7028  218825   0.0311          0.6672          0.5135         0.1537               -0.2350
20         7366  215860   0.0330          0.6485          0.5244         0.1241               -0.1520
21        21849  218558   0.0909          0.6348          0.5135         0.1213               -0.2219
22         1449       0   1.0000          0.6881             NaN            NaN                   NaN
23         7170       0   1.0000          0.6480             NaN            NaN               -0.2203

F 행의 팀별 평균 residual (2024 라벨, 진단용으로만 봄):
                  size    mean
pitcher_team_id               
12                2458 -0.0128
13               15035 -0.0144
14                2525 -0.0298
15                 815 -0.0440
16                 985 -0.0194
17                2400  0.0022
18                 467 -0.0354
19                 827 -0.0220
20                 879  0.0120
21                2349  0.0081
23                 978 -0.0226
25                 292 -0.0341

프로필 피처와 팀별 평균 residual의 상관관계 (팀 11개, 진단용):
  corr(F_ratio, mean_residual) = -0.072 (n=11, p=0.832)
  corr(F_n, mean_residual) = +0.104 (n=11, p=0.760)
  corr(F_success_rate, mean_residual) = +0.001 (n=11, p=0.999)
  corr(F_minus_R_gap, mean_residual) = +0.119 (n=10, p=0.743)
  corr(F_recent_vs_longterm, mean_residual) = +0.369 (n=11, p=0.264)

F 전체 base BSS (참고): 351.70

===== STRESS: target=2023 =====
팀 프로필 (2023까지):
            F_n     R_n  F_ratio  F_success_rate  R_success_rate  F_minus_R_gap  F_recent_vs_longterm
team_id                                                                                              
12        16326  173690   0.0859          0.6557          0.5294         0.1263                0.0458
13       105308  172161   0.3795          0.6761          0.4771         0.1990                0.0459
14        18695  173166   0.0974          0.6748          0.5275         0.1472                0.0585
15         5724  173899   0.0319          0.6955          0.5253         0.1702                0.0602
16         5022  175029   0.0279          0.6852          0.5323         0.1529                0.0855
17        17668  176768   0.0909          0.6708          0.5276         0.1432                0.0783
18         6017  175018   0.0332          0.6550          0.5394         0.1155                0.0331
19         5614  175018   0.0311          0.7145          0.5200         0.1944               -0.0085
20         6189  172765   0.0346          0.6728          0.5309         0.1419                0.0288
21        17821  173990   0.0929          0.6757          0.5200         0.1557                0.0405
22         1449       0   1.0000          0.6881             NaN            NaN                   NaN
23         4783       0   1.0000          0.7213             NaN            NaN               -0.0415

F 행의 팀별 평균 residual (2024 라벨, 진단용으로만 봄):
                  size    mean
pitcher_team_id               
12                2293 -0.0250
13               12769 -0.0492
14                1866 -0.0628
15                 826 -0.0512
16                 837 -0.0355
17                1843 -0.0572
18                 707 -0.0287
19                 764 -0.0462
20                 567  0.0283
21                2033 -0.0774
23                1181 -0.0015

프로필 피처와 팀별 평균 residual의 상관관계 (팀 11개, 진단용):
  corr(F_ratio, mean_residual) = +0.294 (n=11, p=0.381)
  corr(F_n, mean_residual) = -0.248 (n=11, p=0.462)
  corr(F_success_rate, mean_residual) = +0.080 (n=11, p=0.816)
  corr(F_minus_R_gap, mean_residual) = -0.323 (n=10, p=0.363)
  corr(F_recent_vs_longterm, mean_residual) = -0.432 (n=11, p=0.185)

F 전체 base BSS (참고): 0.00
