전체 BSS(pitcher-disjoint cross-fit, 801.93와 같아야 함): 801.93

=== bias by segment (|bias| 상위, n>=300) ===
segment      n  success_rate  pred_mean   bias
 hybrid  44768        0.5289     0.5272 0.0016
   core 178729        0.4799     0.4794 0.0005
    dev  30010        0.4593     0.4590 0.0003

=== bias by pitcher_hand (|bias| 상위, n>=300) ===
 pitcher_hand      n  success_rate  pred_mean   bias
            2 181677        0.4868     0.4860 0.0008
            1  71830        0.4844     0.4839 0.0005

=== bias by batter_hand (|bias| 상위, n>=300) ===
 batter_hand      n  success_rate  pred_mean   bias
           2 133746        0.4854     0.4846 0.0008
           1 119761        0.4869     0.4863 0.0006

=== bias by game_month (|bias| 상위, n>=300) ===
 game_month     n  success_rate  pred_mean    bias
         10  1671        0.5051     0.4761  0.0290
          3 12361        0.5026     0.4932  0.0094
          7 33070        0.4799     0.4841 -0.0042
          6 44514        0.4876     0.4849  0.0027
          4 42588        0.4921     0.4902  0.0019
          9 33305        0.4757     0.4773 -0.0017
          8 41920        0.4841     0.4832  0.0009
          5 44078        0.4879     0.4886 -0.0007

=== bias by game_dayofweek (|bias| 상위, n>=300) ===
 game_dayofweek     n  success_rate  pred_mean    bias
              0  2166        0.4381     0.4585 -0.0203
              4 41323        0.4866     0.4837  0.0029
              5 39973        0.4855     0.4844  0.0011
              3 42680        0.4854     0.4846  0.0008
              2 44322        0.4858     0.4852  0.0006
              1 41166        0.4883     0.4888 -0.0005
              6 41877        0.4876     0.4873  0.0003

=== bias by top_bottom (|bias| 상위, n>=300) ===
top_bottom      n  success_rate  pred_mean   bias
         B 124477        0.4868     0.4854 0.0013
         T 129030        0.4855     0.4854 0.0001

=== bias by base_state (|bias| 상위, n>=300) ===
base_state      n  success_rate  pred_mean    bias
       __3   6671        0.4995     0.4913  0.0082
       _2_  20024        0.4933     0.4891  0.0042
       123   8408        0.4765     0.4801 -0.0037
       _23   5567        0.4866     0.4840  0.0026
       1__  50798        0.4896     0.4878  0.0018
       12_  21934        0.4808     0.4824 -0.0016
       1_3   8472        0.4884     0.4872  0.0013
       ___ 131633        0.4843     0.4844 -0.0001

=== bias by inning (|bias| 상위, n>=300) ===
 inning     n  success_rate  pred_mean    bias
     12   520        0.5250     0.4816  0.0434
      4 28007        0.4912     0.4872  0.0041
      6 28707        0.4795     0.4830 -0.0035
      3 27893        0.4949     0.4915  0.0034
      1 29259        0.4957     0.4937  0.0021
     11   980        0.4745     0.4765 -0.0020
     10  2291        0.4819     0.4835 -0.0016
      5 28337        0.4849     0.4863 -0.0014

=== bias by ('segment', 'pitcher_hand') (|bias| 상위, n>=300) ===
segment  pitcher_hand      n  success_rate  pred_mean    bias
    dev             1   5875        0.4640     0.4601  0.0039
 hybrid             2  29767        0.5330     0.5308  0.0022
   core             2 127775        0.4814     0.4807  0.0007
    dev             2  24135        0.4581     0.4587 -0.0006
 hybrid             1  15001        0.5206     0.5201  0.0005
   core             1  50954        0.4761     0.4760  0.0001

=== bias by ('segment', 'batter_hand') (|bias| 상위, n>=300) ===
segment  batter_hand     n  success_rate  pred_mean   bias
 hybrid            1 25391        0.5289     0.5270 0.0019
 hybrid            2 19377        0.5288     0.5275 0.0013
   core            2 95186        0.4826     0.4817 0.0008
    dev            1 10827        0.4656     0.4651 0.0005
   core            1 83543        0.4768     0.4767 0.0002
    dev            2 19183        0.4557     0.4556 0.0001

=== bias by ('pitcher_hand', 'batter_hand') (|bias| 상위, n>=300) ===
 pitcher_hand  batter_hand     n  success_rate  pred_mean    bias
            1            1 30493        0.4538     0.4657 -0.0118
            1            2 41337        0.5070     0.4974  0.0096
            2            1 89268        0.4982     0.4934  0.0048
            2            2 92409        0.4758     0.4789 -0.0031

=== bias by ('segment', 'game_month') (|bias| 상위, n>=300) ===
segment  game_month    n  success_rate  pred_mean    bias
    dev          10 1145        0.4952     0.4659  0.0293
   core          10  526        0.5266     0.4982  0.0284
    dev           9 3355        0.4823     0.4624  0.0199
    dev           7 3184        0.4290     0.4440 -0.0150
    dev           3  701        0.4836     0.4687  0.0149
   core           3 9220        0.4928     0.4831  0.0098
    dev           6 5584        0.4448     0.4544 -0.0096
 hybrid           9 6028        0.4995     0.5085 -0.0090

=== bias by ('balls_before', 'strikes_before') (|bias| 상위, n>=300) ===
 balls_before  strikes_before     n  success_rate  pred_mean    bias
            3               0  3214        0.4820     0.4581  0.0239
            0               1 31402        0.5011     0.4928  0.0083
            2               1 13446        0.4741     0.4816 -0.0074
            3               2 11771        0.4570     0.4632 -0.0062
            1               2 24399        0.4978     0.4916  0.0062
            2               2 20640        0.4906     0.4861  0.0046
            2               0  9392        0.4733     0.4774 -0.0042
            1               0 26438        0.4799     0.4835 -0.0036

