전체 BSS(진단용, in-sample corrector라 실제보다 낙관적): 2206.74

=== bias by segment (|bias| 상위, n>=300) ===
segment      n  success_rate  pred_mean  bias
 hybrid  44768        0.5289     0.5289   0.0
    dev  30010        0.4593     0.4593   0.0
   core 178729        0.4799     0.4799   0.0

=== bias by pitcher_hand (|bias| 상위, n>=300) ===
 pitcher_hand      n  success_rate  pred_mean    bias
            1  71830        0.4844     0.4848 -0.0004
            2 181677        0.4868     0.4866  0.0002

=== bias by batter_hand (|bias| 상위, n>=300) ===
 batter_hand      n  success_rate  pred_mean    bias
           1 119761        0.4869     0.4870 -0.0001
           2 133746        0.4854     0.4853  0.0001

=== bias by game_month (|bias| 상위, n>=300) ===
 game_month     n  success_rate  pred_mean    bias
         10  1671        0.5051     0.4843  0.0208
          3 12361        0.5026     0.4962  0.0064
          7 33070        0.4799     0.4840 -0.0041
          5 44078        0.4879     0.4895 -0.0016
          6 44514        0.4876     0.4860  0.0015
          9 33305        0.4757     0.4772 -0.0015
          8 41920        0.4841     0.4828  0.0013
          4 42588        0.4921     0.4917  0.0004

=== bias by game_dayofweek (|bias| 상위, n>=300) ===
 game_dayofweek     n  success_rate  pred_mean    bias
              0  2166        0.4381     0.4559 -0.0178
              4 41323        0.4866     0.4842  0.0024
              1 41166        0.4883     0.4896 -0.0013
              6 41877        0.4876     0.4885 -0.0008
              5 39973        0.4855     0.4850  0.0004
              2 44322        0.4858     0.4857  0.0001
              3 42680        0.4854     0.4853  0.0001

=== bias by top_bottom (|bias| 상위, n>=300) ===
top_bottom      n  success_rate  pred_mean  bias
         B 124477        0.4868     0.4867   0.0
         T 129030        0.4855     0.4855  -0.0

=== bias by base_state (|bias| 상위, n>=300) ===
base_state      n  success_rate  pred_mean    bias
       __3   6671        0.4995     0.4918  0.0077
       _2_  20024        0.4933     0.4890  0.0043
       123   8408        0.4765     0.4806 -0.0041
       _23   5567        0.4866     0.4833  0.0034
       12_  21934        0.4808     0.4827 -0.0019
       1_3   8472        0.4884     0.4871  0.0014
       ___ 131633        0.4843     0.4854 -0.0011
       1__  50798        0.4896     0.4885  0.0011

=== bias by inning (|bias| 상위, n>=300) ===
 inning     n  success_rate  pred_mean    bias
     12   520        0.5250     0.4847  0.0403
      6 28707        0.4795     0.4834 -0.0038
      4 28007        0.4912     0.4882  0.0030
     10  2291        0.4819     0.4845 -0.0026
      5 28337        0.4849     0.4873 -0.0023
      3 27893        0.4949     0.4927  0.0022
     11   980        0.4745     0.4760 -0.0015
      1 29259        0.4957     0.4945  0.0012

=== bias by ('segment', 'pitcher_hand') (|bias| 상위, n>=300) ===
segment  pitcher_hand      n  success_rate  pred_mean    bias
 hybrid             1  15001        0.5206     0.5225 -0.0019
    dev             1   5875        0.4640     0.4626  0.0014
 hybrid             2  29767        0.5330     0.5321  0.0010
    dev             2  24135        0.4581     0.4585 -0.0004
   core             1  50954        0.4761     0.4763 -0.0002
   core             2 127775        0.4814     0.4813  0.0001

=== bias by ('segment', 'batter_hand') (|bias| 상위, n>=300) ===
segment  batter_hand     n  success_rate  pred_mean    bias
 hybrid            2 19377        0.5288     0.5300 -0.0012
 hybrid            1 25391        0.5289     0.5280  0.0009
    dev            1 10827        0.4656     0.4650  0.0006
   core            1 83543        0.4768     0.4774 -0.0006
   core            2 95186        0.4826     0.4821  0.0005
    dev            2 19183        0.4557     0.4560 -0.0003

=== bias by ('pitcher_hand', 'batter_hand') (|bias| 상위, n>=300) ===
 pitcher_hand  batter_hand     n  success_rate  pred_mean    bias
            1            1 30493        0.4538     0.4659 -0.0121
            1            2 41337        0.5070     0.4987  0.0082
            2            1 89268        0.4982     0.4942  0.0040
            2            2 92409        0.4758     0.4793 -0.0035

=== bias by ('segment', 'game_month') (|bias| 상위, n>=300) ===
segment  game_month    n  success_rate  pred_mean    bias
    dev          10 1145        0.4952     0.4739  0.0213
   core          10  526        0.5266     0.5068  0.0198
    dev           7 3184        0.4290     0.4411 -0.0121
    dev           3  701        0.4836     0.4718  0.0118
    dev           9 3355        0.4823     0.4714  0.0109
    dev           6 5584        0.4448     0.4524 -0.0075
   core           3 9220        0.4928     0.4861  0.0067
 hybrid           9 6028        0.4995     0.5038 -0.0043

=== bias by ('balls_before', 'strikes_before') (|bias| 상위, n>=300) ===
 balls_before  strikes_before     n  success_rate  pred_mean    bias
            3               0  3214        0.4820     0.4615  0.0204
            2               1 13446        0.4741     0.4814 -0.0073
            3               2 11771        0.4570     0.4633 -0.0064
            0               1 31402        0.5011     0.4950  0.0061
            1               2 24399        0.4978     0.4927  0.0051
            2               2 20640        0.4906     0.4862  0.0044
            2               0  9392        0.4733     0.4772 -0.0039
            1               0 26438        0.4799     0.4836 -0.0037

