
===== PRIMARY: <2024 -> 2024 =====
  기존 3-way(메타피처 없음): 801.93
  [both(E029 그대로) / 기본(min_leaf=200)] 811.45  차이=+9.52  z=1.71
  [both(E029 그대로) / 정규화강화(min_leaf=400)] 808.51  차이=+6.59  z=1.17
  [mr만 / 기본(min_leaf=200)] 800.51  차이=-1.42  z=-0.30
  [mr만 / 정규화강화(min_leaf=400)] 804.67  차이=+2.74  z=0.58
  [or만 / 기본(min_leaf=200)] 800.50  차이=-1.43  z=-0.30
  [or만 / 정규화강화(min_leaf=400)] 801.87  차이=-0.06  z=-0.01

===== STRESS: <2023 -> 2023 =====
  기존 3-way(메타피처 없음): 755.63
  [both(E029 그대로) / 기본(min_leaf=200)] 768.56  차이=+12.93  z=2.01
  [both(E029 그대로) / 정규화강화(min_leaf=400)] 761.96  차이=+6.33  z=0.91
  [mr만 / 기본(min_leaf=200)] 764.99  차이=+9.36  z=1.56
  [mr만 / 정규화강화(min_leaf=400)] 757.43  차이=+1.80  z=0.28
  [or만 / 기본(min_leaf=200)] 762.05  차이=+6.42  z=1.06
  [or만 / 정규화강화(min_leaf=400)] 751.08  차이=-4.54  z=-0.83

===== 요약 (PRIMARY / STRESS z 둘 다 필요) =====
  [both(E029 그대로) / 기본(min_leaf=200)] PRIMARY 811.45(z=1.71)  STRESS 768.56(z=2.01)  
  [both(E029 그대로) / 정규화강화(min_leaf=400)] PRIMARY 808.51(z=1.17)  STRESS 761.96(z=0.91)  
  [mr만 / 기본(min_leaf=200)] PRIMARY 800.51(z=-0.30)  STRESS 764.99(z=1.56)  
  [mr만 / 정규화강화(min_leaf=400)] PRIMARY 804.67(z=0.58)  STRESS 757.43(z=0.28)  
  [or만 / 기본(min_leaf=200)] PRIMARY 800.50(z=-0.30)  STRESS 762.05(z=1.06)  
  [or만 / 정규화강화(min_leaf=400)] PRIMARY 801.87(z=-0.01)  STRESS 751.08(z=-0.83)  
