===== segment별 corrector feature importance (상위 15개) =====

--- core (n=178729) ---
game_month                    0.0544
batter_team_id                0.0443
batter_hand                   0.0433
pitcher_team_id               0.0432
game_dayofweek                0.0385
outs_before                   0.0349
top_bottom                    0.0339
strikes_before                0.0335
asof_pitcher_n                0.0313
balls_before                  0.0299
run_bot_before                0.0294
asof_pitcher_offspeed_rate    0.0293
asof_batter_n                 0.0278
home_win_expectancy           0.0271
away_win_expectancy           0.0265

--- hybrid (n=44768) ---
game_month                    0.0959
batter_hand                   0.0546
strikes_before                0.0532
pitcher_hand                  0.0410
top_bottom                    0.0405
game_dayofweek                0.0356
balls_before                  0.0345
pitcher_team_id               0.0333
inning                        0.0328
away_win_expectancy           0.0279
outs_before                   0.0271
home_win_expectancy           0.0263
asof_pitcher_fastball_rate    0.0251
run_top_before                0.0239
asof_batter_n                 0.0238

--- dev (n=30010) ---
batter_hand                             0.0834
game_month                              0.0646
strikes_before                          0.0645
game_dayofweek                          0.0482
pitcher_hand                            0.0412
balls_before                            0.0378
top_bottom                              0.0362
pitcher_team_id                         0.0357
batter_team_id                          0.0335
home_win_expectancy                     0.0306
away_win_expectancy                     0.0285
outs_before                             0.0270
asof_pitcher_offspeed_rate              0.0266
runner_on_1b                            0.0238
asof_pitcher_prev1_game_success_rate    0.0231

===== base(CatBoost) feature importance 상위 15개 (비교용) =====
game_type                               30.8178
season                                  19.1298
asof_pitcher_success_rate                8.4211
batter_team_id                           4.6636
asof_pitcher_reverse_rate                4.1563
pitcher_team_id                          3.9701
asof_pitcher_prev5_game_success_rate     3.0265
asof_pitcher_ball_rate                   2.7078
asof_batter_success_rate                 2.2817
batter_hand                              2.2692
pitcher_hand                             2.0616
game_month                               1.9815
asof_pitcher_prev1_game_success_rate     1.6810
asof_pitcher_n                           1.6634
asof_pitcher_prev3_game_success_rate     1.5277
