
===== PRIMARY: target=2024 =====

--- core ---
  bucket      n  success_rate  pred_mean  residual_mean  residual_std  base_BSS
     <50   1682        0.4637     0.4736        -0.0099        0.4959   1076.34
  50-200   5138        0.4683     0.4747        -0.0064        0.4963   1059.93
200-1000  27777        0.4661     0.4782        -0.0121        0.4976    433.05
   >1000 144132        0.4832     0.4929        -0.0097        0.4982    559.53

--- hybrid ---
  bucket     n  success_rate  pred_mean  residual_mean  residual_std  base_BSS
     <50   212        0.5425     0.5025         0.0400        0.4942    957.85
  50-200  1382        0.4957     0.4971        -0.0015        0.5012      0.00
200-1000  6836        0.5140     0.5075         0.0066        0.4986    455.17
   >1000 36338        0.5328     0.5285         0.0044        0.4972    674.36

--- dev ---
  bucket     n  success_rate  pred_mean  residual_mean  residual_std  base_BSS
     <50  2086        0.4410     0.4643        -0.0233        0.4947    494.33
  50-200  4052        0.4501     0.4635        -0.0134        0.4974      0.00
200-1000  9519        0.4569     0.4723        -0.0155        0.4968    448.78
   >1000 14353        0.4661     0.4773        -0.0112        0.4979    324.66

===== STRESS: target=2023 =====

--- core ---
  bucket      n  success_rate  pred_mean  residual_mean  residual_std  base_BSS
     <50   1270        0.4921     0.5007        -0.0086        0.4999      0.00
  50-200   5169        0.4672     0.4997        -0.0325        0.4987      0.00
200-1000  23093        0.4827     0.4998        -0.0171        0.4996      0.00
   >1000 146253        0.4955     0.5007        -0.0052        0.4998     71.18

--- hybrid ---
  bucket     n  success_rate  pred_mean  residual_mean  residual_std  base_BSS
     <50   264        0.4545     0.4982        -0.0437        0.4979       0.0
  50-200   612        0.5033     0.4998         0.0035        0.5000       0.0
200-1000  4055        0.5300     0.5005         0.0295        0.4991       0.0
   >1000 39123        0.5463     0.5009         0.0454        0.4977       0.0

--- dev ---
  bucket     n  success_rate  pred_mean  residual_mean  residual_std  base_BSS
     <50  1595        0.4558     0.5180        -0.0622        0.4979       0.0
  50-200  2504        0.4505     0.5187        -0.0682        0.4975       0.0
200-1000  6540        0.4606     0.5188        -0.0583        0.4984       0.0
   >1000 15047        0.4838     0.5189        -0.0351        0.4998       0.0
